============================= test session starts =============================
collecting ... collected 41 items

tests/test_git_commands.py::TestGitCommands::test_cog_init_success PASSED [  2%]
tests/test_git_commands.py::TestGitCommands::test_cog_init_error PASSED  [  4%]
tests/test_git_commands.py::TestGitCommands::test_git_service_status PASSED [  7%]
tests/test_git_commands.py::TestGitCommands::test_git_service_no_service PASSED [  9%]
tests/test_git_commands.py::TestGitCommands::test_git_service_recent_commits PASSED [ 12%]
tests/test_git_commands.py::TestGitCommands::test_git_service_branches PASSED [ 14%]
tests/test_git_commands.py::TestGitCommands::test_git_service_sync PASSED [ 17%]
tests/test_git_helper.py::TestGitHelper::test_init_repo_success PASSED   [ 19%]
tests/test_git_helper.py::TestGitHelper::test_init_repo_invalid_repository PASSED [ 21%]
tests/test_git_helper.py::TestGitHelper::test_get_status_success PASSED  [ 24%]
tests/test_git_helper.py::TestGitHelper::test_get_status_error PASSED    [ 26%]
tests/test_git_helper.py::TestGitHelper::test_get_status_no_repo PASSED  [ 29%]
tests/test_git_helper.py::TestGitHelper::test_get_log_success PASSED     [ 31%]
tests/test_git_helper.py::TestGitHelper::test_get_log_error PASSED       [ 34%]
tests/test_git_helper.py::TestGitHelper::test_get_log_no_repo PASSED     [ 36%]
tests/test_git_helper.py::TestGitHelper::test_get_branches_success PASSED [ 39%]
tests/test_git_helper.py::TestGitHelper::test_get_branches_error PASSED  [ 41%]
tests/test_git_helper.py::TestGitHelper::test_get_current_branch_success PASSED [ 43%]
tests/test_git_helper.py::TestGitHelper::test_get_current_branch_error PASSED [ 46%]
tests/test_git_helper.py::TestGitHelper::test_get_current_branch_no_repo PASSED [ 48%]
tests/test_git_helper.py::TestGitHelper::test_pull_success PASSED        [ 51%]
tests/test_git_helper.py::TestGitHelper::test_pull_error PASSED          [ 53%]
tests/test_git_helper.py::TestGitHelper::test_pull_no_repo PASSED        [ 56%]
tests/test_git_service.py::TestGitService::test_init_success PASSED      [ 58%]
tests/test_git_service.py::TestGitService::test_init_error PASSED        [ 60%]
tests/test_git_service.py::TestGitService::test_get_status_info_success PASSED [ 63%]
tests/test_git_service.py::TestGitService::test_get_status_info_no_helper PASSED [ 65%]
tests/test_git_service.py::TestGitService::test_get_recent_commits_success PASSED [ 68%]
tests/test_git_service.py::TestGitService::test_get_recent_commits_no_helper PASSED [ 70%]
tests/test_git_service.py::TestGitService::test_get_recent_commits_empty PASSED [ 73%]
tests/test_git_service.py::TestGitService::test_get_branches_info_success PASSED [ 75%]
tests/test_git_service.py::TestGitService::test_get_branches_info_no_helper PASSED [ 78%]
tests/test_git_service.py::TestGitService::test_sync_repository_success PASSED [ 80%]
tests/test_git_service.py::TestGitService::test_sync_repository_error PASSED [ 82%]
tests/test_git_service.py::TestGitService::test_sync_repository_no_helper PASSED [ 85%]
tests/test_integration_git.py::TestGitIntegration::test_complete_workflow_git_helper PASSED [ 87%]
tests/test_integration_git.py::TestGitIntegration::test_complete_workflow_git_service PASSED [ 90%]
tests/test_integration_git.py::TestGitIntegration::test_complete_workflow_git_commands PASSED [ 92%]
tests/test_integration_git.py::TestGitIntegration::test_error_handling_workflow PASSED [ 95%]
tests/test_integration_git.py::TestGitIntegration::test_multiple_commands_sequence PASSED [ 97%]
tests/test_integration_git.py::TestGitIntegration::test_large_commit_list PASSED [100%]

======================= 41 passed, 5 warnings in 1.72s ========================
